2026-07-21 18:04:10 | INFO | M06 | === RUN START ===
2026-07-21 18:04:10 | INFO | M06 | project=M06
2026-07-21 18:04:10 | INFO | M06 | repo_dir=ml-06-serving
2026-07-21 18:04:10 | INFO | M06 | python=3.14.2
2026-07-21 18:04:10 | INFO | M06 | os=Windows 11
2026-07-21 18:04:10 | INFO | M06 | shell=powershell
2026-07-21 18:04:10 | INFO | M06 | cwd=notebooks
2026-07-21 18:04:10 | INFO | M06 | github_actions=False
2026-07-21 18:04:12 | INFO | M06 | === RUN START ===
2026-07-21 18:04:12 | INFO | M06 | project=M06
2026-07-21 18:04:12 | INFO | M06 | repo_dir=ml-06-serving
2026-07-21 18:04:12 | INFO | M06 | python=3.14.2
2026-07-21 18:04:12 | INFO | M06 | os=Windows 11
2026-07-21 18:04:12 | INFO | M06 | shell=powershell
2026-07-21 18:04:12 | INFO | M06 | cwd=notebooks
2026-07-21 18:04:12 | INFO | M06 | github_actions=False
2026-07-21 18:04:12 | INFO | M06 | Loading model from: artifacts\model.joblib
2026-07-21 18:04:12 | ERROR | M06 | Model file not found: artifacts\model.joblib
2026-07-21 18:08:17 | INFO | ML | === RUN START ===
2026-07-21 18:08:17 | INFO | ML | project=ML
2026-07-21 18:08:17 | INFO | ML | repo_dir=ml-06-serving
2026-07-21 18:08:17 | INFO | ML | python=3.14.2
2026-07-21 18:08:17 | INFO | ML | os=Windows 11
2026-07-21 18:08:17 | INFO | ML | shell=powershell
2026-07-21 18:08:17 | INFO | ML | cwd=.
2026-07-21 18:08:17 | INFO | ML | github_actions=False
2026-07-21 18:08:17 | INFO | ML | === RUN START ===
2026-07-21 18:08:17 | INFO | ML | project=ML
2026-07-21 18:08:17 | INFO | ML | repo_dir=ml-06-serving
2026-07-21 18:08:17 | INFO | ML | python=3.14.2
2026-07-21 18:08:17 | INFO | ML | os=Windows 11
2026-07-21 18:08:17 | INFO | ML | shell=powershell
2026-07-21 18:08:17 | INFO | ML | cwd=.
2026-07-21 18:08:17 | INFO | ML | github_actions=False
2026-07-21 18:08:17 | INFO | ML | ========================
2026-07-21 18:08:17 | INFO | ML | START main()
2026-07-21 18:08:17 | INFO | ML | ========================
2026-07-21 18:08:17 | INFO | ML | Load dataset..............
2026-07-21 18:08:17 | INFO | ML | Loading dataset: hours_scores_case
2026-07-21 18:08:17 | INFO | ML | Loaded: 10 rows, 6 columns
2026-07-21 18:08:17 | DEBUG | ML |
   hours_studied  practice_quizzes  attendance_pct  sleep_hours  prior_score  score
0            2.0                 1              72          6.0           58     62
1            3.5                 2              80          6.5           61     68
2            4.0                 3              85          7.0           64     72
3            5.0                 3              88          7.5           66     76
4            6.0                 4              90          7.0           70     81
2026-07-21 18:08:17 | INFO | ML | Inspect dataset...........
2026-07-21 18:08:17 | INFO | ML | Column names
2026-07-21 18:08:17 | DEBUG | ML | ['hours_studied', 'practice_quizzes', 'attendance_pct', 'sleep_hours', 'prior_score', 'score']
2026-07-21 18:08:17 | INFO | ML | DataFrame info
2026-07-21 18:08:17 | INFO | ML | Dataset shape: 10 rows, 6 columns
2026-07-21 18:08:17 | INFO | ML | Check data quality........
2026-07-21 18:08:17 | INFO | ML | Missing values by column
2026-07-21 18:08:17 | DEBUG | ML |
hours_studied       0
practice_quizzes    0
attendance_pct      0
sleep_hours         0
prior_score         0
score               0
dtype: int64
2026-07-21 18:08:17 | INFO | ML | Duplicate row count: 0
2026-07-21 18:08:17 | INFO | ML | Create clean view.........
2026-07-21 18:08:17 | INFO | ML | Creating clean modeling view
2026-07-21 18:08:17 | INFO | ML | Clean view: 10 rows, 6 columns
2026-07-21 18:08:17 | INFO | ML | Train supervised model....
2026-07-21 18:08:17 | INFO | ML | Training LinearRegression model
2026-07-21 18:08:18 | INFO | ML | Mean absolute error: 0.48
2026-07-21 18:08:18 | INFO | ML | R-squared: 1.00
2026-07-21 18:08:18 | INFO | ML | Predict one case..........
2026-07-21 18:08:18 | INFO | ML | Predicting one new case
2026-07-21 18:08:18 | INFO | ML | New case:
   hours_studied  practice_quizzes  attendance_pct  sleep_hours  prior_score
0            6.5                 4              92          7.0           72
2026-07-21 18:08:18 | INFO | ML | Predicted score: 83.4
2026-07-21 18:08:18 | INFO | ML | Create charts.............
2026-07-21 18:08:18 | INFO | ML | Creating chart: hours studied vs score
2026-07-21 18:08:19 | INFO | ML | Creating chart: model coefficients
2026-07-21 18:08:19 | INFO | ML | Got a figure Figure(900x500) and axes Axes(0.125,0.11;0.775x0.77) from plt.subplots().
2026-07-21 18:08:19 | INFO | ML | Summarize workflow........
2026-07-21 18:08:19 | INFO | ML | ========================
2026-07-21 18:08:19 | INFO | ML | SUMMARY
2026-07-21 18:08:19 | INFO | ML | ========================
2026-07-21 18:08:19 | INFO | ML | Dataset: hours_scores_case
2026-07-21 18:08:19 | INFO | ML | Original rows: 10
2026-07-21 18:08:19 | INFO | ML | Clean rows: 10
2026-07-21 18:08:19 | INFO | ML | Features: ['hours_studied', 'practice_quizzes', 'attendance_pct', 'sleep_hours', 'prior_score']
2026-07-21 18:08:19 | INFO | ML | Target: score
2026-07-21 18:08:19 | INFO | ML | ----- in a script, call plt.show() once at the end to display all charts -----
2026-07-21 18:08:19 | INFO | ML | ----- in a script, CLOSE the chart windows with the close button to CONTINUE -----
2026-07-21 18:10:25 | INFO | ML | Workflow complete
2026-07-21 18:10:25 | INFO | ML | IMPORTANT: This script creates chart windows.
2026-07-21 18:10:25 | INFO | ML | Close chart windows and terminate this process with CTRL+c as needed.
2026-07-21 18:10:25 | INFO | ML | ========================
2026-07-21 18:10:25 | INFO | ML | Executed successfully!
2026-07-21 18:10:25 | INFO | ML | ========================
2026-07-21 18:11:18 | INFO | M06 | === RUN START ===
2026-07-21 18:11:18 | INFO | M06 | project=M06
2026-07-21 18:11:18 | INFO | M06 | repo_dir=ml-06-serving
2026-07-21 18:11:18 | INFO | M06 | python=3.14.2
2026-07-21 18:11:18 | INFO | M06 | os=Windows 11
2026-07-21 18:11:18 | INFO | M06 | shell=powershell
2026-07-21 18:11:18 | INFO | M06 | cwd=notebooks
2026-07-21 18:11:18 | INFO | M06 | github_actions=False
2026-07-21 18:11:18 | INFO | M06 | Loading model from: artifacts\model.joblib
2026-07-21 18:11:18 | ERROR | M06 | Model file not found: artifacts\model.joblib
2026-07-21 18:16:42 | INFO | M06 | === RUN START ===
2026-07-21 18:16:42 | INFO | M06 | project=M06
2026-07-21 18:16:42 | INFO | M06 | repo_dir=ml-06-serving
2026-07-21 18:16:42 | INFO | M06 | python=3.14.2
2026-07-21 18:16:42 | INFO | M06 | os=Windows 11
2026-07-21 18:16:42 | INFO | M06 | shell=powershell
2026-07-21 18:16:42 | INFO | M06 | cwd=.
2026-07-21 18:16:42 | INFO | M06 | github_actions=False
2026-07-21 18:16:42 | INFO | M06 | Load data.................
2026-07-21 18:16:42 | INFO | M06 | Loading dataset: penguins
2026-07-21 18:16:42 | INFO | M06 | Loaded: 344 rows, 7 columns
2026-07-21 18:16:42 | INFO | M06 | Model rows (after dropping missing): 342
2026-07-21 18:16:42 | INFO | M06 | Split data................
2026-07-21 18:16:42 | INFO | M06 | Train instances: 273
2026-07-21 18:16:42 | INFO | M06 | Test instances:  69
2026-07-21 18:16:42 | INFO | M06 | Train model...............
2026-07-21 18:16:42 | INFO | M06 | Training RandomForestClassifier on 273 instances
2026-07-21 18:16:42 | INFO | M06 | Training complete
2026-07-21 18:16:42 | INFO | M06 | Evaluate model............
2026-07-21 18:16:42 | INFO | M06 | Test accuracy: 1.000
2026-07-21 18:16:42 | INFO | M06 | Save model................
2026-07-21 18:16:42 | INFO | M06 | Saved model to: artifacts\model.joblib
2026-07-21 18:16:42 | INFO | M06 | Summarize.................
2026-07-21 18:16:42 | INFO | M06 | ========================
2026-07-21 18:16:42 | INFO | M06 | SUMMARY
2026-07-21 18:16:42 | INFO | M06 | ========================
2026-07-21 18:16:42 | INFO | M06 | Dataset:  penguins
2026-07-21 18:16:42 | INFO | M06 | Target:   species
2026-07-21 18:16:42 | INFO | M06 | Features: ['bill_length_mm', 'bill_depth_mm', 'flipper_length_mm', 'body_mass_g']
2026-07-21 18:16:42 | INFO | M06 | Artifact: artifacts\model.joblib
2026-07-21 18:16:42 | INFO | M06 | ========================
2026-07-21 18:16:42 | INFO | M06 | ========================
2026-07-21 18:16:42 | INFO | M06 | Executed successfully!
2026-07-21 18:16:42 | INFO | M06 | ========================
2026-07-21 18:17:47 | INFO | M06 | === RUN START ===
2026-07-21 18:17:47 | INFO | M06 | project=M06
2026-07-21 18:17:47 | INFO | M06 | repo_dir=ml-06-serving
2026-07-21 18:17:47 | INFO | M06 | python=3.14.2
2026-07-21 18:17:47 | INFO | M06 | os=Windows 11
2026-07-21 18:17:47 | INFO | M06 | shell=powershell
2026-07-21 18:17:47 | INFO | M06 | cwd=.
2026-07-21 18:17:47 | INFO | M06 | github_actions=False
2026-07-21 18:17:47 | INFO | M06 | Loading model from: artifacts\model.joblib
2026-07-21 18:17:47 | INFO | M06 | Model loaded successfully
2026-07-21 18:17:50 | INFO | M06 | === RUN START ===
2026-07-21 18:17:50 | INFO | M06 | project=M06
2026-07-21 18:17:50 | INFO | M06 | repo_dir=ml-06-serving
2026-07-21 18:17:50 | INFO | M06 | python=3.14.2
2026-07-21 18:17:50 | INFO | M06 | os=Windows 11
2026-07-21 18:17:50 | INFO | M06 | shell=powershell
2026-07-21 18:17:50 | INFO | M06 | cwd=.
2026-07-21 18:17:50 | INFO | M06 | github_actions=False
2026-07-21 18:17:50 | INFO | M06 | Loading model from: artifacts\model.joblib
2026-07-21 18:17:50 | INFO | M06 | Model loaded successfully
2026-07-21 18:19:46 | INFO | M06 | === RUN START ===
2026-07-21 18:19:46 | INFO | M06 | project=M06
2026-07-21 18:19:46 | INFO | M06 | repo_dir=ml-06-serving
2026-07-21 18:19:46 | INFO | M06 | python=3.14.2
2026-07-21 18:19:46 | INFO | M06 | os=Windows 11
2026-07-21 18:19:46 | INFO | M06 | shell=powershell
2026-07-21 18:19:46 | INFO | M06 | cwd=.
2026-07-21 18:19:46 | INFO | M06 | github_actions=False
2026-07-21 18:19:46 | INFO | M06 | Loading model from: artifacts\model.joblib
2026-07-21 18:19:46 | INFO | M06 | Model loaded successfully
2026-07-21 18:19:50 | INFO | M06 | === RUN START ===
2026-07-21 18:19:50 | INFO | M06 | project=M06
2026-07-21 18:19:50 | INFO | M06 | repo_dir=ml-06-serving
2026-07-21 18:19:50 | INFO | M06 | python=3.14.2
2026-07-21 18:19:50 | INFO | M06 | os=Windows 11
2026-07-21 18:19:50 | INFO | M06 | shell=powershell
2026-07-21 18:19:50 | INFO | M06 | cwd=notebooks
2026-07-21 18:19:50 | INFO | M06 | github_actions=False
2026-07-21 18:19:50 | INFO | M06 | Loading model from: artifacts\model.joblib
2026-07-21 18:19:50 | ERROR | M06 | Model file not found: artifacts\model.joblib
2026-07-21 18:20:12 | INFO | M06 | === RUN START ===
2026-07-21 18:20:12 | INFO | M06 | project=M06
2026-07-21 18:20:12 | INFO | M06 | repo_dir=ml-06-serving
2026-07-21 18:20:12 | INFO | M06 | python=3.14.2
2026-07-21 18:20:12 | INFO | M06 | os=Windows 11
2026-07-21 18:20:12 | INFO | M06 | shell=powershell
2026-07-21 18:20:12 | INFO | M06 | cwd=notebooks
2026-07-21 18:20:12 | INFO | M06 | github_actions=False
2026-07-21 18:20:13 | INFO | M06 | === RUN START ===
2026-07-21 18:20:13 | INFO | M06 | project=M06
2026-07-21 18:20:13 | INFO | M06 | repo_dir=ml-06-serving
2026-07-21 18:20:13 | INFO | M06 | python=3.14.2
2026-07-21 18:20:13 | INFO | M06 | os=Windows 11
2026-07-21 18:20:13 | INFO | M06 | shell=powershell
2026-07-21 18:20:13 | INFO | M06 | cwd=notebooks
2026-07-21 18:20:13 | INFO | M06 | github_actions=False
2026-07-21 18:20:13 | INFO | M06 | Loading model from: artifacts\model.joblib
2026-07-21 18:20:13 | ERROR | M06 | Model file not found: artifacts\model.joblib
2026-07-21 18:21:35 | INFO | M06 | === RUN START ===
2026-07-21 18:21:35 | INFO | M06 | project=M06
2026-07-21 18:21:35 | INFO | M06 | repo_dir=ml-06-serving
2026-07-21 18:21:35 | INFO | M06 | python=3.14.2
2026-07-21 18:21:35 | INFO | M06 | os=Windows 11
2026-07-21 18:21:35 | INFO | M06 | shell=powershell
2026-07-21 18:21:35 | INFO | M06 | cwd=.
2026-07-21 18:21:35 | INFO | M06 | github_actions=False
2026-07-21 18:21:35 | INFO | M06 | Loading model from: artifacts\model.joblib
2026-07-21 18:21:35 | INFO | M06 | Model loaded successfully
2026-07-21 18:21:52 | INFO | M06 | === RUN START ===
2026-07-21 18:21:52 | INFO | M06 | project=M06
2026-07-21 18:21:52 | INFO | M06 | repo_dir=ml-06-serving
2026-07-21 18:21:52 | INFO | M06 | python=3.14.2
2026-07-21 18:21:52 | INFO | M06 | os=Windows 11
2026-07-21 18:21:52 | INFO | M06 | shell=powershell
2026-07-21 18:21:52 | INFO | M06 | cwd=notebooks
2026-07-21 18:21:52 | INFO | M06 | github_actions=False
2026-07-21 18:21:52 | INFO | M06 | === RUN START ===
2026-07-21 18:21:52 | INFO | M06 | project=M06
2026-07-21 18:21:52 | INFO | M06 | repo_dir=ml-06-serving
2026-07-21 18:21:52 | INFO | M06 | python=3.14.2
2026-07-21 18:21:52 | INFO | M06 | os=Windows 11
2026-07-21 18:21:52 | INFO | M06 | shell=powershell
2026-07-21 18:21:52 | INFO | M06 | cwd=notebooks
2026-07-21 18:21:52 | INFO | M06 | github_actions=False
2026-07-21 18:21:52 | INFO | M06 | Loading model from: artifacts\model.joblib
2026-07-21 18:21:52 | ERROR | M06 | Model file not found: artifacts\model.joblib
2026-07-21 18:22:30 | INFO | ML | === RUN START ===
2026-07-21 18:22:30 | INFO | ML | project=ML
2026-07-21 18:22:30 | INFO | ML | repo_dir=ml-06-serving
2026-07-21 18:22:30 | INFO | ML | python=3.14.2
2026-07-21 18:22:30 | INFO | ML | os=Windows 11
2026-07-21 18:22:30 | INFO | ML | shell=powershell
2026-07-21 18:22:30 | INFO | ML | cwd=.
2026-07-21 18:22:30 | INFO | ML | github_actions=False
2026-07-21 18:22:30 | INFO | ML | === RUN START ===
2026-07-21 18:22:30 | INFO | ML | project=ML
2026-07-21 18:22:30 | INFO | ML | repo_dir=ml-06-serving
2026-07-21 18:22:30 | INFO | ML | python=3.14.2
2026-07-21 18:22:30 | INFO | ML | os=Windows 11
2026-07-21 18:22:30 | INFO | ML | shell=powershell
2026-07-21 18:22:30 | INFO | ML | cwd=.
2026-07-21 18:22:30 | INFO | ML | github_actions=False
2026-07-21 18:22:30 | INFO | ML | ========================
2026-07-21 18:22:30 | INFO | ML | START main()
2026-07-21 18:22:30 | INFO | ML | ========================
2026-07-21 18:22:30 | INFO | ML | Load dataset..............
2026-07-21 18:22:30 | INFO | ML | Loading dataset: hours_scores_case
2026-07-21 18:22:30 | INFO | ML | Loaded: 10 rows, 6 columns
2026-07-21 18:22:30 | DEBUG | ML |
   hours_studied  practice_quizzes  attendance_pct  sleep_hours  prior_score  score
0            2.0                 1              72          6.0           58     62
1            3.5                 2              80          6.5           61     68
2            4.0                 3              85          7.0           64     72
3            5.0                 3              88          7.5           66     76
4            6.0                 4              90          7.0           70     81
2026-07-21 18:22:30 | INFO | ML | Inspect dataset...........
2026-07-21 18:22:30 | INFO | ML | Column names
2026-07-21 18:22:30 | DEBUG | ML | ['hours_studied', 'practice_quizzes', 'attendance_pct', 'sleep_hours', 'prior_score', 'score']
2026-07-21 18:22:30 | INFO | ML | DataFrame info
2026-07-21 18:22:30 | INFO | ML | Dataset shape: 10 rows, 6 columns
2026-07-21 18:22:30 | INFO | ML | Check data quality........
2026-07-21 18:22:30 | INFO | ML | Missing values by column
2026-07-21 18:22:30 | DEBUG | ML |
hours_studied       0
practice_quizzes    0
attendance_pct      0
sleep_hours         0
prior_score         0
score               0
dtype: int64
2026-07-21 18:22:30 | INFO | ML | Duplicate row count: 0
2026-07-21 18:22:30 | INFO | ML | Create clean view.........
2026-07-21 18:22:30 | INFO | ML | Creating clean modeling view
2026-07-21 18:22:30 | INFO | ML | Clean view: 10 rows, 6 columns
2026-07-21 18:22:30 | INFO | ML | Train supervised model....
2026-07-21 18:22:30 | INFO | ML | Training LinearRegression model
2026-07-21 18:22:30 | INFO | ML | Mean absolute error: 0.48
2026-07-21 18:22:30 | INFO | ML | R-squared: 1.00
2026-07-21 18:22:30 | INFO | ML | Predict one case..........
2026-07-21 18:22:30 | INFO | ML | Predicting one new case
2026-07-21 18:22:30 | INFO | ML | New case:
   hours_studied  practice_quizzes  attendance_pct  sleep_hours  prior_score
0            6.5                 4              92          7.0           72
2026-07-21 18:22:30 | INFO | ML | Predicted score: 83.4
2026-07-21 18:22:30 | INFO | ML | Create charts.............
2026-07-21 18:22:30 | INFO | ML | Creating chart: hours studied vs score
2026-07-21 18:22:30 | INFO | ML | Creating chart: model coefficients
2026-07-21 18:22:30 | INFO | ML | Got a figure Figure(900x500) and axes Axes(0.125,0.11;0.775x0.77) from plt.subplots().
2026-07-21 18:22:30 | INFO | ML | Summarize workflow........
2026-07-21 18:22:30 | INFO | ML | ========================
2026-07-21 18:22:30 | INFO | ML | SUMMARY
2026-07-21 18:22:30 | INFO | ML | ========================
2026-07-21 18:22:30 | INFO | ML | Dataset: hours_scores_case
2026-07-21 18:22:30 | INFO | ML | Original rows: 10
2026-07-21 18:22:30 | INFO | ML | Clean rows: 10
2026-07-21 18:22:30 | INFO | ML | Features: ['hours_studied', 'practice_quizzes', 'attendance_pct', 'sleep_hours', 'prior_score']
2026-07-21 18:22:30 | INFO | ML | Target: score
2026-07-21 18:22:30 | INFO | ML | ----- in a script, call plt.show() once at the end to display all charts -----
2026-07-21 18:22:30 | INFO | ML | ----- in a script, CLOSE the chart windows with the close button to CONTINUE -----
2026-07-21 18:23:01 | INFO | ML | Workflow complete
2026-07-21 18:23:01 | INFO | ML | IMPORTANT: This script creates chart windows.
2026-07-21 18:23:01 | INFO | ML | Close chart windows and terminate this process with CTRL+c as needed.
2026-07-21 18:23:01 | INFO | ML | ========================
2026-07-21 18:23:01 | INFO | ML | Executed successfully!
2026-07-21 18:23:01 | INFO | ML | ========================
2026-07-21 18:23:27 | INFO | M06 | === RUN START ===
2026-07-21 18:23:27 | INFO | M06 | project=M06
2026-07-21 18:23:27 | INFO | M06 | repo_dir=ml-06-serving
2026-07-21 18:23:27 | INFO | M06 | python=3.14.2
2026-07-21 18:23:27 | INFO | M06 | os=Windows 11
2026-07-21 18:23:27 | INFO | M06 | shell=powershell
2026-07-21 18:23:27 | INFO | M06 | cwd=notebooks
2026-07-21 18:23:27 | INFO | M06 | github_actions=False
2026-07-21 18:23:27 | INFO | M06 | Loading model from: artifacts\model.joblib
2026-07-21 18:23:27 | ERROR | M06 | Model file not found: artifacts\model.joblib
2026-07-21 18:34:11 | INFO | M06 | === RUN START ===
2026-07-21 18:34:11 | INFO | M06 | project=M06
2026-07-21 18:34:11 | INFO | M06 | repo_dir=ml-06-serving
2026-07-21 18:34:11 | INFO | M06 | python=3.14.2
2026-07-21 18:34:11 | INFO | M06 | os=Windows 11
2026-07-21 18:34:11 | INFO | M06 | shell=powershell
2026-07-21 18:34:11 | INFO | M06 | cwd=notebooks
2026-07-21 18:34:11 | INFO | M06 | github_actions=False
2026-07-21 18:34:11 | INFO | M06 | === RUN START ===
2026-07-21 18:34:11 | INFO | M06 | project=M06
2026-07-21 18:34:11 | INFO | M06 | repo_dir=ml-06-serving
2026-07-21 18:34:11 | INFO | M06 | python=3.14.2
2026-07-21 18:34:11 | INFO | M06 | os=Windows 11
2026-07-21 18:34:11 | INFO | M06 | shell=powershell
2026-07-21 18:34:11 | INFO | M06 | cwd=notebooks
2026-07-21 18:34:11 | INFO | M06 | github_actions=False
2026-07-21 18:34:11 | INFO | M06 | Loading model from: artifacts\model.joblib
2026-07-21 18:34:11 | ERROR | M06 | Model file not found: artifacts\model.joblib
2026-07-21 18:36:07 | INFO | M06 | === RUN START ===
2026-07-21 18:36:07 | INFO | M06 | project=M06
2026-07-21 18:36:07 | INFO | M06 | repo_dir=ml-06-serving
2026-07-21 18:36:07 | INFO | M06 | python=3.14.2
2026-07-21 18:36:07 | INFO | M06 | os=Windows 11
2026-07-21 18:36:07 | INFO | M06 | shell=powershell
2026-07-21 18:36:07 | INFO | M06 | cwd=.
2026-07-21 18:36:07 | INFO | M06 | github_actions=False
2026-07-21 18:36:07 | INFO | M06 | Load data.................
2026-07-21 18:36:07 | INFO | M06 | Loading dataset: penguins
2026-07-21 18:36:07 | INFO | M06 | Loaded: 344 rows, 7 columns
2026-07-21 18:36:07 | INFO | M06 | Model rows (after dropping missing): 342
2026-07-21 18:36:07 | INFO | M06 | Split data................
2026-07-21 18:36:07 | INFO | M06 | Train instances: 273
2026-07-21 18:36:07 | INFO | M06 | Test instances:  69
2026-07-21 18:36:07 | INFO | M06 | Train model...............
2026-07-21 18:36:07 | INFO | M06 | Training RandomForestClassifier on 273 instances
2026-07-21 18:36:07 | INFO | M06 | Training complete
2026-07-21 18:36:07 | INFO | M06 | Evaluate model............
2026-07-21 18:36:07 | INFO | M06 | Test accuracy: 1.000
2026-07-21 18:36:07 | INFO | M06 | Save model................
2026-07-21 18:36:07 | INFO | M06 | Saved model to: artifacts\model.joblib
2026-07-21 18:36:07 | INFO | M06 | Summarize.................
2026-07-21 18:36:07 | INFO | M06 | ========================
2026-07-21 18:36:07 | INFO | M06 | SUMMARY
2026-07-21 18:36:07 | INFO | M06 | ========================
2026-07-21 18:36:07 | INFO | M06 | Dataset:  penguins
2026-07-21 18:36:07 | INFO | M06 | Target:   species
2026-07-21 18:36:07 | INFO | M06 | Features: ['bill_length_mm', 'bill_depth_mm', 'flipper_length_mm', 'body_mass_g']
2026-07-21 18:36:07 | INFO | M06 | Artifact: artifacts\model.joblib
2026-07-21 18:36:07 | INFO | M06 | ========================
2026-07-21 18:36:07 | INFO | M06 | ========================
2026-07-21 18:36:07 | INFO | M06 | Executed successfully!
2026-07-21 18:36:07 | INFO | M06 | ========================
2026-07-21 18:37:02 | INFO | M06 | === RUN START ===
2026-07-21 18:37:02 | INFO | M06 | project=M06
2026-07-21 18:37:02 | INFO | M06 | repo_dir=ml-06-serving
2026-07-21 18:37:02 | INFO | M06 | python=3.14.2
2026-07-21 18:37:02 | INFO | M06 | os=Windows 11
2026-07-21 18:37:02 | INFO | M06 | shell=powershell
2026-07-21 18:37:02 | INFO | M06 | cwd=.
2026-07-21 18:37:02 | INFO | M06 | github_actions=False
2026-07-21 18:37:02 | INFO | M06 | Loading model from: artifacts\model.joblib
2026-07-21 18:37:02 | INFO | M06 | Model loaded successfully
2026-07-21 18:37:04 | INFO | M06 | === RUN START ===
2026-07-21 18:37:04 | INFO | M06 | project=M06
2026-07-21 18:37:04 | INFO | M06 | repo_dir=ml-06-serving
2026-07-21 18:37:04 | INFO | M06 | python=3.14.2
2026-07-21 18:37:04 | INFO | M06 | os=Windows 11
2026-07-21 18:37:04 | INFO | M06 | shell=powershell
2026-07-21 18:37:04 | INFO | M06 | cwd=.
2026-07-21 18:37:04 | INFO | M06 | github_actions=False
2026-07-21 18:37:04 | INFO | M06 | Loading model from: artifacts\model.joblib
2026-07-21 18:37:04 | INFO | M06 | Model loaded successfully
2026-07-21 18:37:20 | INFO | M06 | === RUN START ===
2026-07-21 18:37:20 | INFO | M06 | project=M06
2026-07-21 18:37:20 | INFO | M06 | repo_dir=ml-06-serving
2026-07-21 18:37:20 | INFO | M06 | python=3.14.2
2026-07-21 18:37:20 | INFO | M06 | os=Windows 11
2026-07-21 18:37:20 | INFO | M06 | shell=powershell
2026-07-21 18:37:20 | INFO | M06 | cwd=notebooks
2026-07-21 18:37:20 | INFO | M06 | github_actions=False
2026-07-21 18:37:20 | INFO | M06 | === RUN START ===
2026-07-21 18:37:20 | INFO | M06 | project=M06
2026-07-21 18:37:20 | INFO | M06 | repo_dir=ml-06-serving
2026-07-21 18:37:20 | INFO | M06 | python=3.14.2
2026-07-21 18:37:20 | INFO | M06 | os=Windows 11
2026-07-21 18:37:20 | INFO | M06 | shell=powershell
2026-07-21 18:37:20 | INFO | M06 | cwd=notebooks
2026-07-21 18:37:20 | INFO | M06 | github_actions=False
2026-07-21 18:37:20 | INFO | M06 | Loading model from: artifacts\model.joblib
2026-07-21 18:37:20 | ERROR | M06 | Model file not found: artifacts\model.joblib
2026-07-21 18:43:04 | INFO | M06 | === RUN START ===
2026-07-21 18:43:04 | INFO | M06 | project=M06
2026-07-21 18:43:04 | INFO | M06 | repo_dir=ml-06-serving
2026-07-21 18:43:04 | INFO | M06 | python=3.14.2
2026-07-21 18:43:04 | INFO | M06 | os=Windows 11
2026-07-21 18:43:04 | INFO | M06 | shell=powershell
2026-07-21 18:43:04 | INFO | M06 | cwd=.
2026-07-21 18:43:04 | INFO | M06 | github_actions=False
2026-07-21 18:43:04 | INFO | M06 | Loading model from: artifacts\model.joblib
2026-07-21 18:43:04 | INFO | M06 | Model loaded successfully
2026-07-21 18:43:06 | INFO | M06 | === RUN START ===
2026-07-21 18:43:06 | INFO | M06 | project=M06
2026-07-21 18:43:06 | INFO | M06 | repo_dir=ml-06-serving
2026-07-21 18:43:06 | INFO | M06 | python=3.14.2
2026-07-21 18:43:06 | INFO | M06 | os=Windows 11
2026-07-21 18:43:06 | INFO | M06 | shell=powershell
2026-07-21 18:43:06 | INFO | M06 | cwd=.
2026-07-21 18:43:06 | INFO | M06 | github_actions=False
2026-07-21 18:43:06 | INFO | M06 | Loading model from: artifacts\model.joblib
2026-07-21 18:43:06 | INFO | M06 | Model loaded successfully
2026-07-21 18:46:33 | INFO | M06 | === RUN START ===
2026-07-21 18:46:33 | INFO | M06 | project=M06
2026-07-21 18:46:33 | INFO | M06 | repo_dir=ml-06-serving
2026-07-21 18:46:33 | INFO | M06 | python=3.14.2
2026-07-21 18:46:33 | INFO | M06 | os=Windows 11
2026-07-21 18:46:33 | INFO | M06 | shell=powershell
2026-07-21 18:46:33 | INFO | M06 | cwd=notebooks
2026-07-21 18:46:33 | INFO | M06 | github_actions=False
2026-07-21 18:46:33 | INFO | M06 | === RUN START ===
2026-07-21 18:46:33 | INFO | M06 | project=M06
2026-07-21 18:46:33 | INFO | M06 | repo_dir=ml-06-serving
2026-07-21 18:46:33 | INFO | M06 | python=3.14.2
2026-07-21 18:46:33 | INFO | M06 | os=Windows 11
2026-07-21 18:46:33 | INFO | M06 | shell=powershell
2026-07-21 18:46:33 | INFO | M06 | cwd=notebooks
2026-07-21 18:46:33 | INFO | M06 | github_actions=False
2026-07-21 18:46:33 | INFO | M06 | Loading model from: artifacts\model.joblib
2026-07-21 18:46:33 | ERROR | M06 | Model file not found: artifacts\model.joblib
2026-07-21 18:48:24 | INFO | M06 | === RUN START ===
2026-07-21 18:48:24 | INFO | M06 | project=M06
2026-07-21 18:48:24 | INFO | M06 | repo_dir=ml-06-serving
2026-07-21 18:48:24 | INFO | M06 | python=3.14.2
2026-07-21 18:48:24 | INFO | M06 | os=Windows 11
2026-07-21 18:48:24 | INFO | M06 | shell=powershell
2026-07-21 18:48:24 | INFO | M06 | cwd=.
2026-07-21 18:48:24 | INFO | M06 | github_actions=False
2026-07-21 18:48:24 | INFO | M06 | Load data.................
2026-07-21 18:48:24 | INFO | M06 | Loading dataset: penguins
2026-07-21 18:48:24 | INFO | M06 | Loaded: 344 rows, 7 columns
2026-07-21 18:48:24 | INFO | M06 | Model rows (after dropping missing): 342
2026-07-21 18:48:24 | INFO | M06 | Split data................
2026-07-21 18:48:24 | INFO | M06 | Train instances: 273
2026-07-21 18:48:24 | INFO | M06 | Test instances:  69
2026-07-21 18:48:24 | INFO | M06 | Train model...............
2026-07-21 18:48:24 | INFO | M06 | Training RandomForestClassifier on 273 instances
2026-07-21 18:48:24 | INFO | M06 | Training complete
2026-07-21 18:48:24 | INFO | M06 | Evaluate model............
2026-07-21 18:48:24 | INFO | M06 | Test accuracy: 1.000
2026-07-21 18:48:24 | INFO | M06 | Save model................
2026-07-21 18:48:24 | INFO | M06 | Saved model to: artifacts\model.joblib
2026-07-21 18:48:24 | INFO | M06 | Summarize.................
2026-07-21 18:48:24 | INFO | M06 | ========================
2026-07-21 18:48:24 | INFO | M06 | SUMMARY
2026-07-21 18:48:24 | INFO | M06 | ========================
2026-07-21 18:48:24 | INFO | M06 | Dataset:  penguins
2026-07-21 18:48:24 | INFO | M06 | Target:   species
2026-07-21 18:48:24 | INFO | M06 | Features: ['bill_length_mm', 'bill_depth_mm', 'flipper_length_mm', 'body_mass_g']
2026-07-21 18:48:24 | INFO | M06 | Artifact: artifacts\model.joblib
2026-07-21 18:48:24 | INFO | M06 | ========================
2026-07-21 18:48:24 | INFO | M06 | ========================
2026-07-21 18:48:24 | INFO | M06 | Executed successfully!
2026-07-21 18:48:24 | INFO | M06 | ========================
2026-07-21 18:50:19 | INFO | M06 | === RUN START ===
2026-07-21 18:50:19 | INFO | M06 | project=M06
2026-07-21 18:50:19 | INFO | M06 | repo_dir=ml-06-serving
2026-07-21 18:50:19 | INFO | M06 | python=3.14.2
2026-07-21 18:50:19 | INFO | M06 | os=Windows 11
2026-07-21 18:50:19 | INFO | M06 | shell=powershell
2026-07-21 18:50:19 | INFO | M06 | cwd=.
2026-07-21 18:50:19 | INFO | M06 | github_actions=False
2026-07-21 18:50:19 | INFO | M06 | Loading model from: artifacts\model.joblib
2026-07-21 18:50:19 | INFO | M06 | Model loaded successfully
2026-07-21 18:50:21 | INFO | M06 | === RUN START ===
2026-07-21 18:50:21 | INFO | M06 | project=M06
2026-07-21 18:50:21 | INFO | M06 | repo_dir=ml-06-serving
2026-07-21 18:50:21 | INFO | M06 | python=3.14.2
2026-07-21 18:50:21 | INFO | M06 | os=Windows 11
2026-07-21 18:50:21 | INFO | M06 | shell=powershell
2026-07-21 18:50:21 | INFO | M06 | cwd=.
2026-07-21 18:50:21 | INFO | M06 | github_actions=False
2026-07-21 18:50:21 | INFO | M06 | Loading model from: artifacts\model.joblib
2026-07-21 18:50:21 | INFO | M06 | Model loaded successfully
2026-07-21 18:52:31 | INFO | M06 | === RUN START ===
2026-07-21 18:52:31 | INFO | M06 | project=M06
2026-07-21 18:52:31 | INFO | M06 | repo_dir=ml-06-serving
2026-07-21 18:52:31 | INFO | M06 | python=3.14.2
2026-07-21 18:52:31 | INFO | M06 | os=Windows 11
2026-07-21 18:52:31 | INFO | M06 | shell=powershell
2026-07-21 18:52:31 | INFO | M06 | cwd=.
2026-07-21 18:52:31 | INFO | M06 | github_actions=False
2026-07-21 18:52:31 | INFO | M06 | Loading model from: artifacts\model.joblib
2026-07-21 18:52:31 | INFO | M06 | Model loaded successfully
2026-07-21 18:53:26 | INFO | ML | === RUN START ===
2026-07-21 18:53:26 | INFO | ML | project=ML
2026-07-21 18:53:26 | INFO | ML | repo_dir=ml-06-serving
2026-07-21 18:53:26 | INFO | ML | python=3.14.2
2026-07-21 18:53:26 | INFO | ML | os=Windows 11
2026-07-21 18:53:26 | INFO | ML | shell=powershell
2026-07-21 18:53:26 | INFO | ML | cwd=.
2026-07-21 18:53:26 | INFO | ML | github_actions=False
2026-07-21 18:53:26 | INFO | ML | === RUN START ===
2026-07-21 18:53:26 | INFO | ML | project=ML
2026-07-21 18:53:26 | INFO | ML | repo_dir=ml-06-serving
2026-07-21 18:53:26 | INFO | ML | python=3.14.2
2026-07-21 18:53:26 | INFO | ML | os=Windows 11
2026-07-21 18:53:26 | INFO | ML | shell=powershell
2026-07-21 18:53:26 | INFO | ML | cwd=.
2026-07-21 18:53:26 | INFO | ML | github_actions=False
2026-07-21 18:53:26 | INFO | ML | ========================
2026-07-21 18:53:26 | INFO | ML | START main()
2026-07-21 18:53:26 | INFO | ML | ========================
2026-07-21 18:53:26 | INFO | ML | Load dataset..............
2026-07-21 18:53:26 | INFO | ML | Loading dataset: hours_scores_case
2026-07-21 18:53:26 | INFO | ML | Loaded: 10 rows, 6 columns
2026-07-21 18:53:26 | DEBUG | ML |
   hours_studied  practice_quizzes  attendance_pct  sleep_hours  prior_score  score
0            2.0                 1              72          6.0           58     62
1            3.5                 2              80          6.5           61     68
2            4.0                 3              85          7.0           64     72
3            5.0                 3              88          7.5           66     76
4            6.0                 4              90          7.0           70     81
2026-07-21 18:53:26 | INFO | ML | Inspect dataset...........
2026-07-21 18:53:26 | INFO | ML | Column names
2026-07-21 18:53:26 | DEBUG | ML | ['hours_studied', 'practice_quizzes', 'attendance_pct', 'sleep_hours', 'prior_score', 'score']
2026-07-21 18:53:26 | INFO | ML | DataFrame info
2026-07-21 18:53:26 | INFO | ML | Dataset shape: 10 rows, 6 columns
2026-07-21 18:53:26 | INFO | ML | Check data quality........
2026-07-21 18:53:26 | INFO | ML | Missing values by column
2026-07-21 18:53:26 | DEBUG | ML |
hours_studied       0
practice_quizzes    0
attendance_pct      0
sleep_hours         0
prior_score         0
score               0
dtype: int64
2026-07-21 18:53:26 | INFO | ML | Duplicate row count: 0
2026-07-21 18:53:26 | INFO | ML | Create clean view.........
2026-07-21 18:53:26 | INFO | ML | Creating clean modeling view
2026-07-21 18:53:26 | INFO | ML | Clean view: 10 rows, 6 columns
2026-07-21 18:53:26 | INFO | ML | Train supervised model....
2026-07-21 18:53:26 | INFO | ML | Training LinearRegression model
2026-07-21 18:53:26 | INFO | ML | Mean absolute error: 0.48
2026-07-21 18:53:26 | INFO | ML | R-squared: 1.00
2026-07-21 18:53:26 | INFO | ML | Predict one case..........
2026-07-21 18:53:26 | INFO | ML | Predicting one new case
2026-07-21 18:53:26 | INFO | ML | New case:
   hours_studied  practice_quizzes  attendance_pct  sleep_hours  prior_score
0            6.5                 4              92          7.0           72
2026-07-21 18:53:26 | INFO | ML | Predicted score: 83.4
2026-07-21 18:53:26 | INFO | ML | Create charts.............
2026-07-21 18:53:26 | INFO | ML | Creating chart: hours studied vs score
2026-07-21 18:53:27 | INFO | ML | Creating chart: model coefficients
2026-07-21 18:53:27 | INFO | ML | Got a figure Figure(900x500) and axes Axes(0.125,0.11;0.775x0.77) from plt.subplots().
2026-07-21 18:53:27 | INFO | ML | Summarize workflow........
2026-07-21 18:53:27 | INFO | ML | ========================
2026-07-21 18:53:27 | INFO | ML | SUMMARY
2026-07-21 18:53:27 | INFO | ML | ========================
2026-07-21 18:53:27 | INFO | ML | Dataset: hours_scores_case
2026-07-21 18:53:27 | INFO | ML | Original rows: 10
2026-07-21 18:53:27 | INFO | ML | Clean rows: 10
2026-07-21 18:53:27 | INFO | ML | Features: ['hours_studied', 'practice_quizzes', 'attendance_pct', 'sleep_hours', 'prior_score']
2026-07-21 18:53:27 | INFO | ML | Target: score
2026-07-21 18:53:27 | INFO | ML | ----- in a script, call plt.show() once at the end to display all charts -----
2026-07-21 18:53:27 | INFO | ML | ----- in a script, CLOSE the chart windows with the close button to CONTINUE -----
2026-07-21 18:54:05 | INFO | ML | Workflow complete
2026-07-21 18:54:05 | INFO | ML | IMPORTANT: This script creates chart windows.
2026-07-21 18:54:05 | INFO | ML | Close chart windows and terminate this process with CTRL+c as needed.
2026-07-21 18:54:05 | INFO | ML | ========================
2026-07-21 18:54:05 | INFO | ML | Executed successfully!
2026-07-21 18:54:05 | INFO | ML | ========================
2026-07-21 18:54:19 | INFO | M06 | === RUN START ===
2026-07-21 18:54:19 | INFO | M06 | project=M06
2026-07-21 18:54:19 | INFO | M06 | repo_dir=ml-06-serving
2026-07-21 18:54:19 | INFO | M06 | python=3.14.2
2026-07-21 18:54:19 | INFO | M06 | os=Windows 11
2026-07-21 18:54:19 | INFO | M06 | shell=powershell
2026-07-21 18:54:19 | INFO | M06 | cwd=notebooks
2026-07-21 18:54:19 | INFO | M06 | github_actions=False
2026-07-21 18:54:19 | INFO | M06 | === RUN START ===
2026-07-21 18:54:19 | INFO | M06 | project=M06
2026-07-21 18:54:19 | INFO | M06 | repo_dir=ml-06-serving
2026-07-21 18:54:19 | INFO | M06 | python=3.14.2
2026-07-21 18:54:19 | INFO | M06 | os=Windows 11
2026-07-21 18:54:19 | INFO | M06 | shell=powershell
2026-07-21 18:54:19 | INFO | M06 | cwd=notebooks
2026-07-21 18:54:19 | INFO | M06 | github_actions=False
2026-07-21 18:54:19 | INFO | M06 | Loading model from: artifacts\model.joblib
2026-07-21 18:54:19 | ERROR | M06 | Model file not found: artifacts\model.joblib
2026-07-21 18:59:51 | INFO | M06 | === RUN START ===
2026-07-21 18:59:51 | INFO | M06 | project=M06
2026-07-21 18:59:51 | INFO | M06 | repo_dir=ml-06-serving
2026-07-21 18:59:51 | INFO | M06 | python=3.14.2
2026-07-21 18:59:51 | INFO | M06 | os=Windows 11
2026-07-21 18:59:51 | INFO | M06 | shell=powershell
2026-07-21 18:59:51 | INFO | M06 | cwd=.
2026-07-21 18:59:51 | INFO | M06 | github_actions=False
2026-07-21 18:59:51 | INFO | M06 | Load data.................
2026-07-21 18:59:51 | INFO | M06 | Loading dataset: penguins
2026-07-21 18:59:51 | INFO | M06 | Loaded: 344 rows, 7 columns
2026-07-21 18:59:51 | INFO | M06 | Model rows (after dropping missing): 342
2026-07-21 18:59:51 | INFO | M06 | Split data................
2026-07-21 18:59:51 | INFO | M06 | Train instances: 273
2026-07-21 18:59:51 | INFO | M06 | Test instances:  69
2026-07-21 18:59:51 | INFO | M06 | Train model...............
2026-07-21 18:59:51 | INFO | M06 | Training RandomForestClassifier on 273 instances
2026-07-21 18:59:52 | INFO | M06 | Training complete
2026-07-21 18:59:52 | INFO | M06 | Evaluate model............
2026-07-21 18:59:52 | INFO | M06 | Test accuracy: 1.000
2026-07-21 18:59:52 | INFO | M06 | Save model................
2026-07-21 18:59:52 | INFO | M06 | Saved model to: artifacts\model.joblib
2026-07-21 18:59:52 | INFO | M06 | Summarize.................
2026-07-21 18:59:52 | INFO | M06 | ========================
2026-07-21 18:59:52 | INFO | M06 | SUMMARY
2026-07-21 18:59:52 | INFO | M06 | ========================
2026-07-21 18:59:52 | INFO | M06 | Dataset:  penguins
2026-07-21 18:59:52 | INFO | M06 | Target:   species
2026-07-21 18:59:52 | INFO | M06 | Features: ['bill_length_mm', 'bill_depth_mm', 'flipper_length_mm', 'body_mass_g']
2026-07-21 18:59:52 | INFO | M06 | Artifact: artifacts\model.joblib
2026-07-21 18:59:52 | INFO | M06 | ========================
2026-07-21 18:59:52 | INFO | M06 | ========================
2026-07-21 18:59:52 | INFO | M06 | Executed successfully!
2026-07-21 18:59:52 | INFO | M06 | ========================
2026-07-21 19:03:27 | INFO | M06 | === RUN START ===
2026-07-21 19:03:27 | INFO | M06 | project=M06
2026-07-21 19:03:27 | INFO | M06 | repo_dir=ml-06-serving
2026-07-21 19:03:27 | INFO | M06 | python=3.14.2
2026-07-21 19:03:27 | INFO | M06 | os=Windows 11
2026-07-21 19:03:27 | INFO | M06 | shell=powershell
2026-07-21 19:03:27 | INFO | M06 | cwd=.
2026-07-21 19:03:27 | INFO | M06 | github_actions=False
2026-07-21 19:03:27 | INFO | M06 | === RUN START ===
2026-07-21 19:03:27 | INFO | M06 | project=M06
2026-07-21 19:03:27 | INFO | M06 | repo_dir=ml-06-serving
2026-07-21 19:03:27 | INFO | M06 | python=3.14.2
2026-07-21 19:03:27 | INFO | M06 | os=Windows 11
2026-07-21 19:03:27 | INFO | M06 | shell=powershell
2026-07-21 19:03:27 | INFO | M06 | cwd=.
2026-07-21 19:03:27 | INFO | M06 | github_actions=False
2026-07-21 19:03:27 | INFO | M06 | Loading model from: artifacts\model.joblib
2026-07-21 19:03:27 | INFO | M06 | Model loaded successfully
2026-07-21 19:03:27 | INFO | M06 | === RUN START ===
2026-07-21 19:03:27 | INFO | M06 | project=M06
2026-07-21 19:03:27 | INFO | M06 | repo_dir=ml-06-serving
2026-07-21 19:03:27 | INFO | M06 | python=3.14.2
2026-07-21 19:03:27 | INFO | M06 | os=Windows 11
2026-07-21 19:03:27 | INFO | M06 | shell=powershell
2026-07-21 19:03:27 | INFO | M06 | cwd=.
2026-07-21 19:03:27 | INFO | M06 | github_actions=False
2026-07-21 19:03:27 | INFO | M06 | Confirming installation:
2026-07-21 19:03:27 | INFO | M06 |   python:       3.14.2
2026-07-21 19:03:27 | INFO | M06 |   pandas:       3.0.3
2026-07-21 19:03:27 | INFO | M06 | Model artifact will be saved to: artifacts\model.joblib
2026-07-21 19:03:27 | INFO | M06 | Loading dataset: penguins
2026-07-21 19:03:27 | INFO | M06 | Loading dataset: penguins
2026-07-21 19:03:27 | INFO | M06 | Loaded: 344 rows, 7 columns
2026-07-21 19:03:27 | INFO | M06 | Model rows (after dropping missing): 342
2026-07-21 19:03:27 | INFO | M06 | Model rows: 342
2026-07-21 19:03:27 | INFO | M06 | Classes in 'species': ['Adelie', 'Chinstrap', 'Gentoo']
2026-07-21 19:03:27 | INFO | M06 | Train instances: 273
2026-07-21 19:03:27 | INFO | M06 | Test instances:  69
2026-07-21 19:03:27 | INFO | M06 | Train instances: 273
2026-07-21 19:03:27 | INFO | M06 | Test instances:  69
2026-07-21 19:03:27 | INFO | M06 | Training RandomForestClassifier on 273 instances
2026-07-21 19:03:27 | INFO | M06 | Training complete
2026-07-21 19:03:27 | INFO | M06 | Saved model to: artifacts\model.joblib
2026-07-21 19:03:27 | INFO | M06 | Reloaded model from: artifacts\model.joblib
2026-07-21 19:03:27 | INFO | M06 | Valid payload -> {'prediction': 'Chinstrap'}
2026-07-21 19:03:27 | INFO | M06 | Invalid payload handled cleanly -> ValueError: Missing required feature: 'bill_depth_mm'
2026-07-21 19:03:28 | INFO | M06 | ========================
2026-07-21 19:03:28 | INFO | M06 | SUMMARY
2026-07-21 19:03:28 | INFO | M06 | ========================
2026-07-21 19:03:28 | INFO | M06 | Dataset:  penguins
2026-07-21 19:03:28 | INFO | M06 | Target:   species
2026-07-21 19:03:28 | INFO | M06 | Features: ['bill_length_mm', 'bill_depth_mm', 'flipper_length_mm', 'body_mass_g']
2026-07-21 19:03:28 | INFO | M06 | Artifact: artifacts\model.joblib
2026-07-21 19:03:28 | INFO | M06 | ========================
2026-07-21 19:31:03 | INFO | M06 | === RUN START ===
2026-07-21 19:31:03 | INFO | M06 | project=M06
2026-07-21 19:31:03 | INFO | M06 | repo_dir=ml-06-serving
2026-07-21 19:31:03 | INFO | M06 | python=3.14.2
2026-07-21 19:31:03 | INFO | M06 | os=Windows 11
2026-07-21 19:31:03 | INFO | M06 | shell=powershell
2026-07-21 19:31:03 | INFO | M06 | cwd=.
2026-07-21 19:31:03 | INFO | M06 | github_actions=False
2026-07-21 19:31:04 | INFO | M06 | === RUN START ===
2026-07-21 19:31:04 | INFO | M06 | project=M06
2026-07-21 19:31:04 | INFO | M06 | repo_dir=ml-06-serving
2026-07-21 19:31:04 | INFO | M06 | python=3.14.2
2026-07-21 19:31:04 | INFO | M06 | os=Windows 11
2026-07-21 19:31:04 | INFO | M06 | shell=powershell
2026-07-21 19:31:04 | INFO | M06 | cwd=.
2026-07-21 19:31:04 | INFO | M06 | github_actions=False
2026-07-21 19:31:04 | INFO | M06 | Loading model from: artifacts\model.joblib
2026-07-21 19:31:04 | INFO | M06 | Model loaded successfully
2026-07-21 19:31:04 | INFO | M06 | === RUN START ===
2026-07-21 19:31:04 | INFO | M06 | project=M06
2026-07-21 19:31:04 | INFO | M06 | repo_dir=ml-06-serving
2026-07-21 19:31:04 | INFO | M06 | python=3.14.2
2026-07-21 19:31:04 | INFO | M06 | os=Windows 11
2026-07-21 19:31:04 | INFO | M06 | shell=powershell
2026-07-21 19:31:04 | INFO | M06 | cwd=.
2026-07-21 19:31:04 | INFO | M06 | github_actions=False
2026-07-21 19:31:04 | INFO | M06 | Confirming installation:
2026-07-21 19:31:04 | INFO | M06 |   python:       3.14.2
2026-07-21 19:31:04 | INFO | M06 |   pandas:       3.0.3
2026-07-21 19:31:04 | INFO | M06 | Model artifact will be saved to: artifacts\model.joblib
2026-07-21 19:31:04 | INFO | M06 | Loading dataset: penguins
2026-07-21 19:31:04 | INFO | M06 | Loading dataset: penguins
2026-07-21 19:31:04 | INFO | M06 | Loaded: 344 rows, 7 columns
2026-07-21 19:31:04 | INFO | M06 | Model rows (after dropping missing): 342
2026-07-21 19:31:04 | INFO | M06 | Model rows: 342
2026-07-21 19:31:04 | INFO | M06 | Classes in 'species': ['Adelie', 'Chinstrap', 'Gentoo']
2026-07-21 19:31:04 | INFO | M06 | Train instances: 273
2026-07-21 19:31:04 | INFO | M06 | Test instances:  69
2026-07-21 19:31:04 | INFO | M06 | Train instances: 273
2026-07-21 19:31:04 | INFO | M06 | Test instances:  69
2026-07-21 19:31:04 | INFO | M06 | Training RandomForestClassifier on 273 instances
2026-07-21 19:31:04 | INFO | M06 | Training complete
2026-07-21 19:31:04 | INFO | M06 | Saved model to: artifacts\model.joblib
2026-07-21 19:31:04 | INFO | M06 | Reloaded model from: artifacts\model.joblib
2026-07-21 19:31:04 | INFO | M06 | Valid payload -> {'prediction': 'Chinstrap'}
2026-07-21 19:31:04 | INFO | M06 | Invalid payload handled cleanly -> ValueError: Missing required feature: 'bill_depth_mm'
2026-07-21 19:31:04 | INFO | M06 | ========================
2026-07-21 19:31:04 | INFO | M06 | SUMMARY
2026-07-21 19:31:04 | INFO | M06 | ========================
2026-07-21 19:31:04 | INFO | M06 | Dataset:  penguins
2026-07-21 19:31:04 | INFO | M06 | Target:   species
2026-07-21 19:31:04 | INFO | M06 | Features: ['bill_length_mm', 'bill_depth_mm', 'flipper_length_mm', 'body_mass_g']
2026-07-21 19:31:04 | INFO | M06 | Artifact: artifacts\model.joblib
2026-07-21 19:31:04 | INFO | M06 | ========================
2026-07-21 19:37:00 | INFO | M06 | === RUN START ===
2026-07-21 19:37:00 | INFO | M06 | project=M06
2026-07-21 19:37:00 | INFO | M06 | repo_dir=ml-06-serving
2026-07-21 19:37:00 | INFO | M06 | python=3.14.2
2026-07-21 19:37:00 | INFO | M06 | os=Windows 11
2026-07-21 19:37:00 | INFO | M06 | shell=powershell
2026-07-21 19:37:00 | INFO | M06 | cwd=.
2026-07-21 19:37:00 | INFO | M06 | github_actions=False
2026-07-21 19:37:01 | INFO | M06 | === RUN START ===
2026-07-21 19:37:01 | INFO | M06 | project=M06
2026-07-21 19:37:01 | INFO | M06 | repo_dir=ml-06-serving
2026-07-21 19:37:01 | INFO | M06 | python=3.14.2
2026-07-21 19:37:01 | INFO | M06 | os=Windows 11
2026-07-21 19:37:01 | INFO | M06 | shell=powershell
2026-07-21 19:37:01 | INFO | M06 | cwd=.
2026-07-21 19:37:01 | INFO | M06 | github_actions=False
2026-07-21 19:37:01 | INFO | M06 | Loading model from: artifacts\model.joblib
2026-07-21 19:37:01 | INFO | M06 | Model loaded successfully
2026-07-21 19:38:02 | INFO | M06 | === RUN START ===
2026-07-21 19:38:02 | INFO | M06 | project=M06
2026-07-21 19:38:02 | INFO | M06 | repo_dir=ml-06-serving
2026-07-21 19:38:02 | INFO | M06 | python=3.14.2
2026-07-21 19:38:02 | INFO | M06 | os=Windows 11
2026-07-21 19:38:02 | INFO | M06 | shell=powershell
2026-07-21 19:38:02 | INFO | M06 | cwd=.
2026-07-21 19:38:02 | INFO | M06 | github_actions=False
2026-07-21 19:38:02 | INFO | M06 | === RUN START ===
2026-07-21 19:38:02 | INFO | M06 | project=M06
2026-07-21 19:38:02 | INFO | M06 | repo_dir=ml-06-serving
2026-07-21 19:38:02 | INFO | M06 | python=3.14.2
2026-07-21 19:38:02 | INFO | M06 | os=Windows 11
2026-07-21 19:38:02 | INFO | M06 | shell=powershell
2026-07-21 19:38:02 | INFO | M06 | cwd=.
2026-07-21 19:38:02 | INFO | M06 | github_actions=False
2026-07-21 19:38:02 | INFO | M06 | Loading model from: artifacts\model.joblib
2026-07-21 19:38:02 | INFO | M06 | Model loaded successfully
2026-07-21 19:38:02 | INFO | M06 | === RUN START ===
2026-07-21 19:38:02 | INFO | M06 | project=M06
2026-07-21 19:38:02 | INFO | M06 | repo_dir=ml-06-serving
2026-07-21 19:38:02 | INFO | M06 | python=3.14.2
2026-07-21 19:38:02 | INFO | M06 | os=Windows 11
2026-07-21 19:38:02 | INFO | M06 | shell=powershell
2026-07-21 19:38:02 | INFO | M06 | cwd=.
2026-07-21 19:38:02 | INFO | M06 | github_actions=False
2026-07-21 19:38:02 | INFO | M06 | Confirming installation:
2026-07-21 19:38:02 | INFO | M06 |   python:       3.14.2
2026-07-21 19:38:02 | INFO | M06 |   pandas:       3.0.3
2026-07-21 19:38:02 | INFO | M06 | Model artifact will be saved to: artifacts\model.joblib
2026-07-21 19:38:02 | INFO | M06 | Loading dataset: penguins
2026-07-21 19:38:02 | INFO | M06 | Loading dataset: penguins
2026-07-21 19:38:02 | INFO | M06 | Loaded: 344 rows, 7 columns
2026-07-21 19:38:02 | INFO | M06 | Model rows (after dropping missing): 342
2026-07-21 19:38:02 | INFO | M06 | Model rows: 342
2026-07-21 19:38:02 | INFO | M06 | Classes in 'species': ['Adelie', 'Chinstrap', 'Gentoo']
2026-07-21 19:38:02 | INFO | M06 | Train instances: 273
2026-07-21 19:38:02 | INFO | M06 | Test instances:  69
2026-07-21 19:38:02 | INFO | M06 | Train instances: 273
2026-07-21 19:38:02 | INFO | M06 | Test instances:  69
2026-07-21 19:38:02 | INFO | M06 | Training RandomForestClassifier on 273 instances
2026-07-21 19:38:02 | INFO | M06 | Training complete
2026-07-21 19:38:03 | INFO | M06 | Saved model to: artifacts\model.joblib
2026-07-21 19:38:03 | INFO | M06 | Reloaded model from: artifacts\model.joblib
2026-07-21 19:38:03 | INFO | M06 | Valid payload -> {'prediction': 'Chinstrap'}
2026-07-21 19:38:03 | INFO | M06 | Invalid payload handled cleanly -> ValueError: Missing required feature: 'bill_depth_mm'
2026-07-21 19:38:03 | INFO | M06 | ========================
2026-07-21 19:38:03 | INFO | M06 | SUMMARY
2026-07-21 19:38:03 | INFO | M06 | ========================
2026-07-21 19:38:03 | INFO | M06 | Dataset:  penguins
2026-07-21 19:38:03 | INFO | M06 | Target:   species
2026-07-21 19:38:03 | INFO | M06 | Features: ['bill_length_mm', 'bill_depth_mm', 'flipper_length_mm', 'body_mass_g']
2026-07-21 19:38:03 | INFO | M06 | Artifact: artifacts\model.joblib
2026-07-21 19:38:03 | INFO | M06 | ========================
2026-07-26 16:47:46 | INFO | M06 | === RUN START ===
2026-07-26 16:47:46 | INFO | M06 | project=M06
2026-07-26 16:47:46 | INFO | M06 | repo_dir=ml-06-serving
2026-07-26 16:47:46 | INFO | M06 | python=3.14.2
2026-07-26 16:47:46 | INFO | M06 | os=Windows 11
2026-07-26 16:47:46 | INFO | M06 | shell=powershell
2026-07-26 16:47:46 | INFO | M06 | cwd=notebooks
2026-07-26 16:47:46 | INFO | M06 | github_actions=False
2026-07-26 16:47:46 | INFO | M06 | ========================
2026-07-26 16:47:46 | INFO | M06 | START CUSTOM NOTEBOOK
2026-07-26 16:47:46 | INFO | M06 | ========================
2026-07-26 16:47:46 | INFO | M06 | Notebook directory: c:\Repos\ml-06-serving\notebooks
2026-07-26 16:47:46 | INFO | M06 | Project root: c:\Repos\ml-06-serving
2026-07-26 16:47:46 | INFO | M06 | Expected project log: c:\Repos\ml-06-serving\project.log
2026-07-26 16:47:46 | INFO | M06 | Model artifact path: c:\Repos\ml-06-serving\artifacts\wine_model_bundle.joblib
2026-07-26 16:47:46 | INFO | M06 | Load data.................
2026-07-26 16:47:46 | INFO | M06 | Loading dataset: sklearn wine
2026-07-26 16:47:46 | INFO | M06 | Loaded: 178 rows, 15 columns
2026-07-26 16:47:46 | INFO | M06 | Features: ['alcohol', 'malic_acid', 'ash', 'alcalinity_of_ash', 'magnesium', 'total_phenols', 'flavanoids', 'nonflavanoid_phenols', 'proanthocyanins', 'color_intensity', 'hue', 'od280/od315_of_diluted_wines', 'proline']
2026-07-26 16:47:46 | INFO | M06 | Target classes: [np.str_('class_0'), np.str_('class_1'), np.str_('class_2')]
2026-07-26 16:47:46 | INFO | M06 | Check data quality........
2026-07-26 16:47:46 | INFO | M06 | Missing values: 0
2026-07-26 16:47:46 | INFO | M06 | Duplicate rows: 0
2026-07-26 16:47:46 | INFO | M06 | Class counts:
2026-07-26 16:47:46 | INFO | M06 |   class_1: 71
2026-07-26 16:47:46 | INFO | M06 |   class_0: 59
2026-07-26 16:47:46 | INFO | M06 |   class_2: 48
2026-07-26 16:47:46 | INFO | M06 | Split data................
2026-07-26 16:47:46 | INFO | M06 | Train instances: 142
2026-07-26 16:47:46 | INFO | M06 | Test instances: 36
2026-07-26 16:47:46 | INFO | M06 | Train models..............
2026-07-26 16:47:46 | INFO | M06 | Training DecisionTreeClassifier
2026-07-26 16:47:46 | INFO | M06 | Training RandomForestClassifier
2026-07-26 16:47:47 | INFO | M06 | Training complete
2026-07-26 16:47:47 | INFO | M06 | Evaluate models...........
2026-07-26 16:47:47 | INFO | M06 | Decision Tree test accuracy: 0.944
2026-07-26 16:47:47 | INFO | M06 | Random Forest test accuracy: 1.000
2026-07-26 16:47:47 | INFO | M06 | Cross-validate model......
2026-07-26 16:47:52 | INFO | M06 | Cross-validation scores: [0.972, 1.0, 1.0, 0.943, 1.0]
2026-07-26 16:47:52 | INFO | M06 | Mean CV accuracy: 0.983
2026-07-26 16:47:52 | INFO | M06 | CV standard deviation: 0.023
2026-07-26 16:47:52 | INFO | M06 | Create classification report
2026-07-26 16:47:52 | INFO | M06 | Classification report:
2026-07-26 16:47:52 | INFO | M06 |               precision    recall  f1-score   support
2026-07-26 16:47:52 | INFO | M06 |
2026-07-26 16:47:52 | INFO | M06 |      class_0       1.00      1.00      1.00        12
2026-07-26 16:47:52 | INFO | M06 |      class_1       1.00      1.00      1.00        14
2026-07-26 16:47:52 | INFO | M06 |      class_2       1.00      1.00      1.00        10
2026-07-26 16:47:52 | INFO | M06 |
2026-07-26 16:47:52 | INFO | M06 |     accuracy                           1.00        36
2026-07-26 16:47:52 | INFO | M06 |    macro avg       1.00      1.00      1.00        36
2026-07-26 16:47:52 | INFO | M06 | weighted avg       1.00      1.00      1.00        36
2026-07-26 16:47:53 | INFO | M06 | Create confusion matrix chart
2026-07-26 16:47:53 | INFO | M06 | Calculate feature importance
2026-07-26 16:47:53 | INFO | M06 | Top five features:
2026-07-26 16:47:53 | INFO | M06 |   color_intensity: 0.181
2026-07-26 16:47:53 | INFO | M06 |   flavanoids: 0.173
2026-07-26 16:47:53 | INFO | M06 |   proline: 0.151
2026-07-26 16:47:53 | INFO | M06 |   alcohol: 0.112
2026-07-26 16:47:53 | INFO | M06 |   hue: 0.100
2026-07-26 16:47:53 | INFO | M06 | Create feature importance chart
2026-07-26 16:47:53 | INFO | M06 | Save model bundle.........
2026-07-26 16:47:54 | INFO | M06 | Saved model bundle to: c:\Repos\ml-06-serving\artifacts\wine_model_bundle.joblib
2026-07-26 16:47:54 | INFO | M06 | Artifact exists: True
2026-07-26 16:47:54 | INFO | M06 | Prediction function created
2026-07-26 16:47:54 | INFO | M06 | Test valid prediction request
2026-07-26 16:47:54 | INFO | M06 | Sample payload: {'alcohol': 14.1, 'malic_acid': 2.16, 'ash': 2.3, 'alcalinity_of_ash': 18.0, 'magnesium': 105.0, 'total_phenols': 2.95, 'flavanoids': 3.32, 'nonflavanoid_phenols': 0.22, 'proanthocyanins': 2.38, 'color_intensity': 5.75, 'hue': 1.25, 'od280/od315_of_diluted_wines': 3.17, 'proline': 1510.0}
2026-07-26 16:47:54 | INFO | M06 | Predicted cultivar: class_0
2026-07-26 16:47:54 | INFO | M06 | Prediction probabilities: {np.str_('class_0'): 0.99, np.str_('class_1'): 0.01, np.str_('class_2'): 0.0}
2026-07-26 16:47:54 | INFO | M06 | Test missing-feature validation
2026-07-26 16:47:54 | INFO | M06 | Validation test passed: Missing required features: ['alcohol']
2026-07-26 16:47:54 | INFO | M06 | ========================
2026-07-26 16:47:54 | INFO | M06 | CUSTOM PROJECT SUMMARY
2026-07-26 16:47:54 | INFO | M06 | ========================
2026-07-26 16:47:54 | INFO | M06 | Dataset: sklearn wine
2026-07-26 16:47:54 | INFO | M06 | Target: wine cultivar
2026-07-26 16:47:54 | INFO | M06 | Feature count: 13
2026-07-26 16:47:54 | INFO | M06 | Best held-out model: Random Forest
2026-07-26 16:47:54 | INFO | M06 | Decision Tree accuracy: 0.944
2026-07-26 16:47:54 | INFO | M06 | Random Forest accuracy: 1.000
2026-07-26 16:47:54 | INFO | M06 | Mean CV accuracy: 0.983
2026-07-26 16:47:54 | INFO | M06 | CV standard deviation: 0.023
2026-07-26 16:47:54 | INFO | M06 | Top feature: color_intensity (0.181)
2026-07-26 16:47:54 | INFO | M06 | Saved artifact: c:\Repos\ml-06-serving\artifacts\wine_model_bundle.joblib
2026-07-26 16:47:54 | INFO | M06 | ========================
2026-07-26 16:47:54 | INFO | M06 | Notebook executed successfully!
2026-07-26 16:47:54 | INFO | M06 | ========================
